
R Under development (unstable) (2012-01-01 r58032)
Copyright (C) 2012 The R Foundation for Statistical Computing
ISBN 3-900051-07-0
Platform: i686-pc-linux-gnu (32-bit)

R is free software and comes with ABSOLUTELY NO WARRANTY.
You are welcome to redistribute it under certain conditions.
Type 'license()' or 'licence()' for distribution details.

  Natural language support but running in an English locale

R is a collaborative project with many contributors.
Type 'contributors()' for more information and
'citation()' on how to cite R or R packages in publications.

Type 'demo()' for some demos, 'help()' for on-line help, or
'help.start()' for an HTML browser interface to help.
Type 'q()' to quit R.

> source("Generic_lme4.R")
Loading required package: coefplot2
Loading required package: coda
Loading required package: lattice
Loading required package: plyr
Warning message:
replacing previous import ‘summary’ when loading ‘lme4’ 
> fn <- "CbppObs_lme4.RData"
> sessinfo <- sessionInfo()
> 
> data(cbpp)
Warning message:
In data(cbpp) : data set ‘cbpp’ not found
> cbpp$obs <- factor(seq(nrow(cbpp)))
Error in nrow(cbpp) : object 'cbpp' not found
Calls: factor -> seq -> nrow
Execution halted
